// Jest Snapshot v1, https://goo.gl/fbAQLP

exports[`Main page component it renders correctly 1`] = `
<ul
  className="synonyms"
  onMouseEnter={[Function]}
  onMouseLeave={[Function]}
  style={
    Object {
      "left": 2,
      "top": 1,
    }
  }
/>
`;
