// Jest Snapshot v1, https://goo.gl/fbAQLP

exports[`Hello component it renders correctly 1`] = `
<div>
  <h1
    className="header"
  >
    Hello, 
    Test
    . Welcome back!
  </h1>
</div>
`;
