// Jest Snapshot v1, https://goo.gl/fbAQLP

exports[`Main page component it renders correctly 1`] = `
<div
  contentEditable={true}
  id="textarea"
/>
`;
